Using launch settings from C:\Users\Lenovo\OneDrive\Desktop\Travel Agency\Travel Agency Portal\Travel Agency Portal\Properties\launchSettings.json...
Building...
info: Microsoft.Hosting.Lifetime[14]
      Now listening on: http://localhost:5132
info: Microsoft.Hosting.Lifetime[0]
      Application started. Press Ctrl+C to shut down.
info: Microsoft.Hosting.Lifetime[0]
      Hosting environment: Development
info: Microsoft.Hosting.Lifetime[0]
      Content root path: C:\Users\Lenovo\OneDrive\Desktop\Travel Agency\Travel Agency Portal\Travel Agency Portal
warn: Microsoft.AspNetCore.HttpsPolicy.HttpsRedirectionMiddleware[3]
      Failed to determine the https port for redirect.
info: Travel_Agency_Portal.Middleware.RequestLoggingMiddleware[0]
      HTTP POST /api/v1/auth/register responded 200 in 651.969 ms
info: Travel_Agency_Portal.Middleware.RequestLoggingMiddleware[0]
      HTTP PUT /api/v1/users/6/password responded 200 in 323.3568 ms
info: Travel_Agency_Portal.Middleware.RequestLoggingMiddleware[0]
      HTTP POST /api/v1/auth/login responded 200 in 127.5564 ms
info: Travel_Agency_Portal.Middleware.RequestLoggingMiddleware[0]
      HTTP POST /api/v1/contact responded 200 in 73.5418 ms
info: Travel_Agency_Portal.Middleware.RequestLoggingMiddleware[0]
      HTTP POST /api/v1/auth/login responded 200 in 11.7947 ms
info: Travel_Agency_Portal.Middleware.RequestLoggingMiddleware[0]
      HTTP GET /api/v1/contact responded 200 in 59.7162 ms
info: Travel_Agency_Portal.Middleware.RequestLoggingMiddleware[0]
      HTTP DELETE /api/v1/contact/1 responded 200 in 12.5252 ms
info: Travel_Agency_Portal.Middleware.RequestLoggingMiddleware[0]
      HTTP DELETE /api/v1/users/6 responded 200 in 17.4899 ms
