warn: MfaDeliveryWorker[0]
      RabbitMQ is not configured for notification service.
info: Microsoft.Hosting.Lifetime[14]
      Now listening on: http://localhost:5140
info: Microsoft.Hosting.Lifetime[0]
      Application started. Press Ctrl+C to shut down.
info: Microsoft.Hosting.Lifetime[0]
      Hosting environment: Production
info: Microsoft.Hosting.Lifetime[0]
      Content root path: C:\Users\Lenovo\OneDrive\Desktop\Travel Agency\Microservices\NotificationService
warn: MfaDeliveryWorker[0]
      RabbitMQ is not configured for notification service.
warn: MfaDeliveryWorker[0]
      RabbitMQ is not configured for notification service.
warn: MfaDeliveryWorker[0]
      RabbitMQ is not configured for notification service.
warn: MfaDeliveryWorker[0]
      RabbitMQ is not configured for notification service.
warn: MfaDeliveryWorker[0]
      RabbitMQ is not configured for notification service.
warn: MfaDeliveryWorker[0]
      RabbitMQ is not configured for notification service.
warn: MfaDeliveryWorker[0]
      RabbitMQ is not configured for notification service.
warn: MfaDeliveryWorker[0]
      RabbitMQ is not configured for notification service.
warn: MfaDeliveryWorker[0]
      RabbitMQ is not configured for notification service.
warn: MfaDeliveryWorker[0]
      RabbitMQ is not configured for notification service.
warn: MfaDeliveryWorker[0]
      RabbitMQ is not configured for notification service.
warn: MfaDeliveryWorker[0]
      RabbitMQ is not configured for notification service.
warn: MfaDeliveryWorker[0]
      RabbitMQ is not configured for notification service.
warn: MfaDeliveryWorker[0]
      RabbitMQ is not configured for notification service.
warn: MfaDeliveryWorker[0]
      RabbitMQ is not configured for notification service.
warn: MfaDeliveryWorker[0]
      RabbitMQ is not configured for notification service.
warn: MfaDeliveryWorker[0]
      RabbitMQ is not configured for notification service.
warn: MfaDeliveryWorker[0]
      RabbitMQ is not configured for notification service.
warn: MfaDeliveryWorker[0]
      RabbitMQ is not configured for notification service.
warn: MfaDeliveryWorker[0]
      RabbitMQ is not configured for notification service.
warn: MfaDeliveryWorker[0]
      RabbitMQ is not configured for notification service.
warn: MfaDeliveryWorker[0]
      RabbitMQ is not configured for notification service.
warn: MfaDeliveryWorker[0]
      RabbitMQ is not configured for notification service.
warn: MfaDeliveryWorker[0]
      RabbitMQ is not configured for notification service.
warn: MfaDeliveryWorker[0]
      RabbitMQ is not configured for notification service.
warn: MfaDeliveryWorker[0]
      RabbitMQ is not configured for notification service.
warn: MfaDeliveryWorker[0]
      RabbitMQ is not configured for notification service.
warn: MfaDeliveryWorker[0]
      RabbitMQ is not configured for notification service.
warn: MfaDeliveryWorker[0]
      RabbitMQ is not configured for notification service.
warn: MfaDeliveryWorker[0]
      RabbitMQ is not configured for notification service.
warn: MfaDeliveryWorker[0]
      RabbitMQ is not configured for notification service.
warn: MfaDeliveryWorker[0]
      RabbitMQ is not configured for notification service.
warn: MfaDeliveryWorker[0]
      RabbitMQ is not configured for notification service.
warn: MfaDeliveryWorker[0]
      RabbitMQ is not configured for notification service.
warn: MfaDeliveryWorker[0]
      RabbitMQ is not configured for notification service.
warn: MfaDeliveryWorker[0]
      RabbitMQ is not configured for notification service.
warn: MfaDeliveryWorker[0]
      RabbitMQ is not configured for notification service.
warn: MfaDeliveryWorker[0]
      RabbitMQ is not configured for notification service.
warn: MfaDeliveryWorker[0]
      RabbitMQ is not configured for notification service.
warn: MfaDeliveryWorker[0]
      RabbitMQ is not configured for notification service.
warn: MfaDeliveryWorker[0]
      RabbitMQ is not configured for notification service.
warn: MfaDeliveryWorker[0]
      RabbitMQ is not configured for notification service.
warn: MfaDeliveryWorker[0]
      RabbitMQ is not configured for notification service.
warn: MfaDeliveryWorker[0]
      RabbitMQ is not configured for notification service.
warn: MfaDeliveryWorker[0]
      RabbitMQ is not configured for notification service.
warn: MfaDeliveryWorker[0]
      RabbitMQ is not configured for notification service.
warn: MfaDeliveryWorker[0]
      RabbitMQ is not configured for notification service.
warn: MfaDeliveryWorker[0]
      RabbitMQ is not configured for notification service.
warn: MfaDeliveryWorker[0]
      RabbitMQ is not configured for notification service.
warn: MfaDeliveryWorker[0]
      RabbitMQ is not configured for notification service.
warn: MfaDeliveryWorker[0]
      RabbitMQ is not configured for notification service.
warn: MfaDeliveryWorker[0]
      RabbitMQ is not configured for notification service.
warn: MfaDeliveryWorker[0]
      RabbitMQ is not configured for notification service.
warn: MfaDeliveryWorker[0]
      RabbitMQ is not configured for notification service.
warn: MfaDeliveryWorker[0]
      RabbitMQ is not configured for notification service.
warn: MfaDeliveryWorker[0]
      RabbitMQ is not configured for notification service.
warn: MfaDeliveryWorker[0]
      RabbitMQ is not configured for notification service.
warn: MfaDeliveryWorker[0]
      RabbitMQ is not configured for notification service.
warn: MfaDeliveryWorker[0]
      RabbitMQ is not configured for notification service.
warn: MfaDeliveryWorker[0]
      RabbitMQ is not configured for notification service.
warn: MfaDeliveryWorker[0]
      RabbitMQ is not configured for notification service.
warn: MfaDeliveryWorker[0]
      RabbitMQ is not configured for notification service.
warn: MfaDeliveryWorker[0]
      RabbitMQ is not configured for notification service.
warn: MfaDeliveryWorker[0]
      RabbitMQ is not configured for notification service.
warn: MfaDeliveryWorker[0]
      RabbitMQ is not configured for notification service.
warn: MfaDeliveryWorker[0]
      RabbitMQ is not configured for notification service.
warn: MfaDeliveryWorker[0]
      RabbitMQ is not configured for notification service.
warn: MfaDeliveryWorker[0]
      RabbitMQ is not configured for notification service.
warn: MfaDeliveryWorker[0]
      RabbitMQ is not configured for notification service.
warn: MfaDeliveryWorker[0]
      RabbitMQ is not configured for notification service.
warn: MfaDeliveryWorker[0]
      RabbitMQ is not configured for notification service.
warn: MfaDeliveryWorker[0]
      RabbitMQ is not configured for notification service.
warn: MfaDeliveryWorker[0]
      RabbitMQ is not configured for notification service.
warn: MfaDeliveryWorker[0]
      RabbitMQ is not configured for notification service.
warn: MfaDeliveryWorker[0]
      RabbitMQ is not configured for notification service.
warn: MfaDeliveryWorker[0]
      RabbitMQ is not configured for notification service.
warn: MfaDeliveryWorker[0]
      RabbitMQ is not configured for notification service.
warn: MfaDeliveryWorker[0]
      RabbitMQ is not configured for notification service.
warn: MfaDeliveryWorker[0]
      RabbitMQ is not configured for notification service.
warn: MfaDeliveryWorker[0]
      RabbitMQ is not configured for notification service.
warn: MfaDeliveryWorker[0]
      RabbitMQ is not configured for notification service.
warn: MfaDeliveryWorker[0]
      RabbitMQ is not configured for notification service.
warn: MfaDeliveryWorker[0]
      RabbitMQ is not configured for notification service.
warn: MfaDeliveryWorker[0]
      RabbitMQ is not configured for notification service.
warn: MfaDeliveryWorker[0]
      RabbitMQ is not configured for notification service.
warn: MfaDeliveryWorker[0]
      RabbitMQ is not configured for notification service.
warn: MfaDeliveryWorker[0]
      RabbitMQ is not configured for notification service.
