Using launch settings from C:\Users\Lenovo\OneDrive\Desktop\Travel Agency\Travel Agency Portal\Travel Agency Portal\Properties\launchSettings.json...
Building...
info: Microsoft.Hosting.Lifetime[14]
      Now listening on: http://localhost:5132
info: Microsoft.Hosting.Lifetime[0]
      Application started. Press Ctrl+C to shut down.
info: Microsoft.Hosting.Lifetime[0]
      Hosting environment: Development
info: Microsoft.Hosting.Lifetime[0]
      Content root path: C:\Users\Lenovo\OneDrive\Desktop\Travel Agency\Travel Agency Portal\Travel Agency Portal
info: Travel_Agency_Portal.Middleware.RequestLoggingMiddleware[0]
      HTTP GET /swagger/index.html responded 200 in 117.8228 ms
warn: Microsoft.AspNetCore.HttpsPolicy.HttpsRedirectionMiddleware[3]
      Failed to determine the https port for redirect.
info: Travel_Agency_Portal.Middleware.RequestLoggingMiddleware[0]
      HTTP OPTIONS /api/v1/places responded 204 in 2.5823 ms
info: Travel_Agency_Portal.Middleware.RequestLoggingMiddleware[0]
      HTTP OPTIONS /api/v1/packages responded 204 in 18.1316 ms
info: Travel_Agency_Portal.Middleware.RequestLoggingMiddleware[0]
      HTTP OPTIONS /api/v1/packages responded 204 in 1.2287 ms
info: Travel_Agency_Portal.Middleware.RequestLoggingMiddleware[0]
      HTTP OPTIONS /api/v1/places responded 204 in 7.629 ms
info: Travel_Agency_Portal.Middleware.RequestLoggingMiddleware[0]
      HTTP GET /api/v1/places responded 200 in 433.4937 ms
info: Travel_Agency_Portal.Middleware.RequestLoggingMiddleware[0]
      HTTP GET /api/v1/packages responded 200 in 437.443 ms
info: Travel_Agency_Portal.Middleware.RequestLoggingMiddleware[0]
      HTTP GET /api/v1/packages responded 200 in 12.6751 ms
info: Travel_Agency_Portal.Middleware.RequestLoggingMiddleware[0]
      HTTP GET /api/v1/places responded 200 in 4.9642 ms
info: Travel_Agency_Portal.Middleware.RequestLoggingMiddleware[0]
      HTTP GET /api/v1/packages responded 200 in 6.9604 ms
info: Travel_Agency_Portal.Middleware.RequestLoggingMiddleware[0]
      HTTP POST /api/v1/auth/login responded 200 in 326.7654 ms
info: Travel_Agency_Portal.Middleware.RequestLoggingMiddleware[0]
      HTTP GET /api/v1/stats/admin responded 200 in 209.0663 ms
info: Travel_Agency_Portal.Middleware.RequestLoggingMiddleware[0]
      HTTP GET /api/v1/bookings responded 200 in 81.1526 ms
info: Travel_Agency_Portal.Middleware.RequestLoggingMiddleware[0]
      HTTP GET /api/v1/users responded 200 in 25.8254 ms
info: Travel_Agency_Portal.Middleware.RequestLoggingMiddleware[0]
      HTTP GET /api/v1/contact responded 200 in 41.7503 ms
info: Travel_Agency_Portal.Middleware.RequestLoggingMiddleware[0]
      HTTP OPTIONS /api/v1/places responded 204 in 0.4801 ms
info: Travel_Agency_Portal.Middleware.RequestLoggingMiddleware[0]
      HTTP OPTIONS /api/v1/places responded 204 in 0.172 ms
info: Travel_Agency_Portal.Middleware.RequestLoggingMiddleware[0]
      HTTP GET /api/v1/places responded 200 in 20.1905 ms
info: Travel_Agency_Portal.Middleware.RequestLoggingMiddleware[0]
      HTTP OPTIONS /api/v1/places responded 204 in 0.1543 ms
info: Travel_Agency_Portal.Middleware.RequestLoggingMiddleware[0]
      HTTP GET /api/v1/places responded 200 in 8.109 ms
info: Travel_Agency_Portal.Middleware.RequestLoggingMiddleware[0]
      HTTP OPTIONS /api/v1/places responded 204 in 0.1413 ms
info: Travel_Agency_Portal.Middleware.RequestLoggingMiddleware[0]
      HTTP GET /api/v1/places responded 200 in 5.0483 ms
info: Travel_Agency_Portal.Middleware.RequestLoggingMiddleware[0]
      HTTP OPTIONS /api/v1/places responded 204 in 0.1471 ms
info: Travel_Agency_Portal.Middleware.RequestLoggingMiddleware[0]
      HTTP OPTIONS /api/v1/packages responded 204 in 0.1418 ms
info: Travel_Agency_Portal.Middleware.RequestLoggingMiddleware[0]
      HTTP OPTIONS /api/v1/places responded 204 in 0.2614 ms
info: Travel_Agency_Portal.Middleware.RequestLoggingMiddleware[0]
      HTTP OPTIONS /api/v1/packages responded 204 in 0.0965 ms
info: Travel_Agency_Portal.Middleware.RequestLoggingMiddleware[0]
      HTTP GET /api/v1/packages responded 200 in 6.5605 ms
info: Travel_Agency_Portal.Middleware.RequestLoggingMiddleware[0]
      HTTP GET /api/v1/packages responded 200 in 3.6911 ms
info: Travel_Agency_Portal.Middleware.RequestLoggingMiddleware[0]
      HTTP OPTIONS /api/v1/places responded 204 in 0.3407 ms
info: Travel_Agency_Portal.Middleware.RequestLoggingMiddleware[0]
      HTTP GET /api/v1/places responded 200 in 0.5361 ms
info: Travel_Agency_Portal.Middleware.RequestLoggingMiddleware[0]
      HTTP OPTIONS /api/v1/packages responded 204 in 0.66 ms
info: Travel_Agency_Portal.Middleware.RequestLoggingMiddleware[0]
      HTTP OPTIONS /api/v1/packages responded 204 in 6.8924 ms
info: Travel_Agency_Portal.Middleware.RequestLoggingMiddleware[0]
      HTTP GET /api/v1/places responded 200 in 5.0762 ms
info: Travel_Agency_Portal.Middleware.RequestLoggingMiddleware[0]
      HTTP GET /api/v1/packages responded 200 in 6.0626 ms
info: Travel_Agency_Portal.Middleware.RequestLoggingMiddleware[0]
      HTTP GET /api/v1/packages responded 200 in 2.6545 ms
info: Travel_Agency_Portal.Middleware.RequestLoggingMiddleware[0]
      HTTP GET /api/v1/places responded 200 in 0.4614 ms
info: Travel_Agency_Portal.Middleware.RequestLoggingMiddleware[0]
      HTTP GET /api/v1/places responded 200 in 0.2542 ms
info: Travel_Agency_Portal.Middleware.RequestLoggingMiddleware[0]
      HTTP GET /api/v1/places responded 200 in 0.2823 ms
info: Travel_Agency_Portal.Middleware.RequestLoggingMiddleware[0]
      HTTP GET /api/v1/places responded 200 in 0.2635 ms
info: Travel_Agency_Portal.Middleware.RequestLoggingMiddleware[0]
      HTTP GET /api/v1/places responded 200 in 0.2882 ms
info: Travel_Agency_Portal.Middleware.RequestLoggingMiddleware[0]
      HTTP GET /api/v1/packages responded 200 in 21.5636 ms
info: Travel_Agency_Portal.Middleware.RequestLoggingMiddleware[0]
      HTTP GET /api/v1/packages responded 200 in 2.9516 ms
info: Travel_Agency_Portal.Middleware.RequestLoggingMiddleware[0]
      HTTP GET /api/v1/packages responded 200 in 2.4189 ms
info: Travel_Agency_Portal.Middleware.RequestLoggingMiddleware[0]
      HTTP GET /api/v1/packages responded 200 in 5.0995 ms
info: Travel_Agency_Portal.Middleware.RequestLoggingMiddleware[0]
      HTTP GET /api/v1/packages responded 200 in 2.586 ms
info: Travel_Agency_Portal.Middleware.RequestLoggingMiddleware[0]
      HTTP POST /api/v1/auth/login responded 200 in 17.7859 ms
info: Travel_Agency_Portal.Middleware.RequestLoggingMiddleware[0]
      HTTP GET /api/v1/stats/admin responded 200 in 34.1496 ms
info: Travel_Agency_Portal.Middleware.RequestLoggingMiddleware[0]
      HTTP GET /api/v1/stats/admin responded 200 in 6.6196 ms
info: Travel_Agency_Portal.Middleware.RequestLoggingMiddleware[0]
      HTTP GET /api/v1/stats/admin responded 200 in 4.8324 ms
info: Travel_Agency_Portal.Middleware.RequestLoggingMiddleware[0]
      HTTP GET /api/v1/bookings responded 200 in 26.4976 ms
info: Travel_Agency_Portal.Middleware.RequestLoggingMiddleware[0]
      HTTP GET /api/v1/bookings responded 200 in 8.5165 ms
info: Travel_Agency_Portal.Middleware.RequestLoggingMiddleware[0]
      HTTP GET /api/v1/bookings responded 200 in 6.0449 ms
info: Travel_Agency_Portal.Middleware.RequestLoggingMiddleware[0]
      HTTP GET /api/v1/users responded 200 in 7.6184 ms
info: Travel_Agency_Portal.Middleware.RequestLoggingMiddleware[0]
      HTTP GET /api/v1/users responded 200 in 3.465 ms
info: Travel_Agency_Portal.Middleware.RequestLoggingMiddleware[0]
      HTTP GET /api/v1/users responded 200 in 3.6913 ms
info: Travel_Agency_Portal.Middleware.RequestLoggingMiddleware[0]
      HTTP GET /api/v1/contact responded 200 in 10.9903 ms
info: Travel_Agency_Portal.Middleware.RequestLoggingMiddleware[0]
      HTTP GET /api/v1/contact responded 200 in 4.8985 ms
info: Travel_Agency_Portal.Middleware.RequestLoggingMiddleware[0]
      HTTP GET /api/v1/contact responded 200 in 3.3055 ms
info: Travel_Agency_Portal.Middleware.RequestLoggingMiddleware[0]
      HTTP OPTIONS /api/v1/packages responded 204 in 0.5685 ms
info: Travel_Agency_Portal.Middleware.RequestLoggingMiddleware[0]
      HTTP OPTIONS /api/v1/places responded 204 in 0.196 ms
info: Travel_Agency_Portal.Middleware.RequestLoggingMiddleware[0]
      HTTP GET /api/v1/places responded 200 in 1.1371 ms
info: Travel_Agency_Portal.Middleware.RequestLoggingMiddleware[0]
      HTTP GET /api/v1/packages responded 200 in 34.276 ms
info: Travel_Agency_Portal.Middleware.RequestLoggingMiddleware[0]
      HTTP GET /swagger/index.html responded 200 in 0.5984 ms
info: Travel_Agency_Portal.Middleware.RequestLoggingMiddleware[0]
      HTTP OPTIONS /api/v1/places responded 204 in 0.1613 ms
info: Travel_Agency_Portal.Middleware.RequestLoggingMiddleware[0]
      HTTP GET /api/v1/places responded 200 in 29.2781 ms
info: Travel_Agency_Portal.Middleware.RequestLoggingMiddleware[0]
      HTTP OPTIONS /api/v1/packages responded 204 in 0.0979 ms
info: Travel_Agency_Portal.Middleware.RequestLoggingMiddleware[0]
      HTTP GET /api/v1/packages responded 200 in 5.1732 ms
info: Travel_Agency_Portal.Middleware.RequestLoggingMiddleware[0]
      HTTP OPTIONS /api/v1/places responded 204 in 0.1998 ms
info: Travel_Agency_Portal.Middleware.RequestLoggingMiddleware[0]
      HTTP OPTIONS /api/v1/packages responded 204 in 0.1762 ms
info: Travel_Agency_Portal.Middleware.RequestLoggingMiddleware[0]
      HTTP GET /api/v1/packages responded 200 in 1.8256 ms
info: Travel_Agency_Portal.Middleware.RequestLoggingMiddleware[0]
      HTTP GET /swagger responded 301 in 25.0284 ms
info: Travel_Agency_Portal.Middleware.RequestLoggingMiddleware[0]
      HTTP GET /swagger/index.html responded 200 in 11.2136 ms
info: Travel_Agency_Portal.Middleware.RequestLoggingMiddleware[0]
      HTTP GET /swagger/swagger-ui-bundle.js responded 200 in 238.8623 ms
info: Travel_Agency_Portal.Middleware.RequestLoggingMiddleware[0]
      HTTP GET /swagger/swagger-ui.css responded 200 in 245.429 ms
info: Travel_Agency_Portal.Middleware.RequestLoggingMiddleware[0]
      HTTP GET /swagger/swagger-ui-standalone-preset.js responded 200 in 274.3388 ms
info: Travel_Agency_Portal.Middleware.RequestLoggingMiddleware[0]
      HTTP GET /swagger/favicon-32x32.png responded 200 in 0.3257 ms
info: Travel_Agency_Portal.Middleware.RequestLoggingMiddleware[0]
      HTTP GET /swagger/v1/swagger.json responded 200 in 283.3088 ms
info: Travel_Agency_Portal.Middleware.RequestLoggingMiddleware[0]
      HTTP OPTIONS /api/v1/places responded 204 in 0.1703 ms
info: Travel_Agency_Portal.Middleware.RequestLoggingMiddleware[0]
      HTTP GET /api/v1/places responded 200 in 19.4859 ms
info: Travel_Agency_Portal.Middleware.RequestLoggingMiddleware[0]
      HTTP OPTIONS /api/v1/packages responded 204 in 0.1124 ms
info: Travel_Agency_Portal.Middleware.RequestLoggingMiddleware[0]
      HTTP GET /api/v1/packages responded 200 in 5.1516 ms
info: Travel_Agency_Portal.Middleware.RequestLoggingMiddleware[0]
      HTTP OPTIONS /api/v1/packages/11 responded 204 in 0.0683 ms
info: Travel_Agency_Portal.Middleware.RequestLoggingMiddleware[0]
      HTTP GET /api/v1/packages/11 responded 200 in 28.6793 ms
info: Travel_Agency_Portal.Middleware.RequestLoggingMiddleware[0]
      HTTP OPTIONS /api/v1/places responded 204 in 0.1514 ms
info: Travel_Agency_Portal.Middleware.RequestLoggingMiddleware[0]
      HTTP OPTIONS /api/v1/packages responded 204 in 0.187 ms
info: Travel_Agency_Portal.Middleware.RequestLoggingMiddleware[0]
      HTTP GET /api/v1/packages responded 200 in 12.0524 ms
info: Travel_Agency_Portal.Middleware.RequestLoggingMiddleware[0]
      HTTP OPTIONS /api/v1/places responded 204 in 0.1335 ms
info: Travel_Agency_Portal.Middleware.RequestLoggingMiddleware[0]
      HTTP OPTIONS /api/v1/packages responded 204 in 0.4106 ms
info: Travel_Agency_Portal.Middleware.RequestLoggingMiddleware[0]
      HTTP GET /api/v1/places responded 200 in 2.1751 ms
info: Travel_Agency_Portal.Middleware.RequestLoggingMiddleware[0]
      HTTP GET /api/v1/packages responded 200 in 16.2029 ms
info: Travel_Agency_Portal.Middleware.RequestLoggingMiddleware[0]
      HTTP OPTIONS /api/v1/places responded 204 in 0.1008 ms
info: Travel_Agency_Portal.Middleware.RequestLoggingMiddleware[0]
      HTTP GET /api/v1/places responded 200 in 29.1877 ms
info: Travel_Agency_Portal.Middleware.RequestLoggingMiddleware[0]
      HTTP OPTIONS /api/v1/places responded 204 in 0.0804 ms
info: Travel_Agency_Portal.Middleware.RequestLoggingMiddleware[0]
      HTTP GET /api/v1/places responded 200 in 1.4344 ms
info: Travel_Agency_Portal.Middleware.RequestLoggingMiddleware[0]
      HTTP OPTIONS /api/v1/packages responded 204 in 11.0344 ms
info: Travel_Agency_Portal.Middleware.RequestLoggingMiddleware[0]
      HTTP GET /api/v1/packages responded 200 in 7.9275 ms
info: Travel_Agency_Portal.Middleware.RequestLoggingMiddleware[0]
      HTTP OPTIONS /api/v1/places responded 204 in 0.3373 ms
info: Travel_Agency_Portal.Middleware.RequestLoggingMiddleware[0]
      HTTP GET /api/v1/places responded 200 in 2.4356 ms
info: Travel_Agency_Portal.Middleware.RequestLoggingMiddleware[0]
      HTTP OPTIONS /api/v1/packages responded 204 in 0.1713 ms
info: Travel_Agency_Portal.Middleware.RequestLoggingMiddleware[0]
      HTTP GET /api/v1/packages responded 200 in 6.5494 ms
info: Travel_Agency_Portal.Middleware.RequestLoggingMiddleware[0]
      HTTP OPTIONS /api/v1/places responded 204 in 2.3657 ms
info: Travel_Agency_Portal.Middleware.RequestLoggingMiddleware[0]
      HTTP GET /api/v1/places responded 200 in 66.3377 ms
info: Travel_Agency_Portal.Middleware.RequestLoggingMiddleware[0]
      HTTP OPTIONS /api/v1/packages responded 204 in 0.2696 ms
info: Travel_Agency_Portal.Middleware.RequestLoggingMiddleware[0]
      HTTP GET /api/v1/packages responded 200 in 14.1816 ms
info: Travel_Agency_Portal.Middleware.RequestLoggingMiddleware[0]
      HTTP GET /swagger/index.html responded 200 in 3.2484 ms
info: Travel_Agency_Portal.Middleware.RequestLoggingMiddleware[0]
      HTTP GET /swagger/v1/swagger.json responded 200 in 233.5223 ms
info: Travel_Agency_Portal.Middleware.RequestLoggingMiddleware[0]
      HTTP OPTIONS /api/v1/places responded 204 in 0.1732 ms
info: Travel_Agency_Portal.Middleware.RequestLoggingMiddleware[0]
      HTTP OPTIONS /api/v1/packages responded 204 in 0.1772 ms
info: Travel_Agency_Portal.Middleware.RequestLoggingMiddleware[0]
      HTTP GET /api/v1/packages responded 200 in 10.4342 ms
info: Travel_Agency_Portal.Middleware.RequestLoggingMiddleware[0]
      HTTP OPTIONS /api/v1/places responded 204 in 0.0972 ms
info: Travel_Agency_Portal.Middleware.RequestLoggingMiddleware[0]
      HTTP GET /api/v1/places responded 200 in 2.7368 ms
info: Travel_Agency_Portal.Middleware.RequestLoggingMiddleware[0]
      HTTP OPTIONS /api/v1/packages responded 204 in 0.0693 ms
info: Travel_Agency_Portal.Middleware.RequestLoggingMiddleware[0]
      HTTP GET /api/v1/packages responded 200 in 40.0911 ms
info: Travel_Agency_Portal.Middleware.RequestLoggingMiddleware[0]
      HTTP OPTIONS /api/v1/places responded 204 in 0.3834 ms
info: Travel_Agency_Portal.Middleware.RequestLoggingMiddleware[0]
      HTTP OPTIONS /api/v1/packages responded 204 in 0.1177 ms
info: Travel_Agency_Portal.Middleware.RequestLoggingMiddleware[0]
      HTTP GET /api/v1/packages responded 200 in 16.6972 ms
info: Travel_Agency_Portal.Middleware.RequestLoggingMiddleware[0]
      HTTP OPTIONS /api/v1/places responded 204 in 0.0636 ms
info: Travel_Agency_Portal.Middleware.RequestLoggingMiddleware[0]
      HTTP OPTIONS /api/v1/packages responded 204 in 0.1397 ms
info: Travel_Agency_Portal.Middleware.RequestLoggingMiddleware[0]
      HTTP GET /api/v1/packages responded 200 in 32.6501 ms
info: Travel_Agency_Portal.Middleware.RequestLoggingMiddleware[0]
      HTTP OPTIONS /api/v1/places responded 204 in 0.056 ms
info: Travel_Agency_Portal.Middleware.RequestLoggingMiddleware[0]
      HTTP GET /api/v1/places responded 200 in 2.7856 ms
info: Travel_Agency_Portal.Middleware.RequestLoggingMiddleware[0]
      HTTP OPTIONS /api/v1/packages responded 204 in 0.0614 ms
info: Travel_Agency_Portal.Middleware.RequestLoggingMiddleware[0]
      HTTP GET /api/v1/packages responded 200 in 11.0977 ms
info: Travel_Agency_Portal.Middleware.RequestLoggingMiddleware[0]
      HTTP OPTIONS /api/v1/auth/login responded 204 in 0.0916 ms
info: Travel_Agency_Portal.Middleware.RequestLoggingMiddleware[0]
      HTTP POST /api/v1/auth/login responded 401 in 54.3288 ms
info: Travel_Agency_Portal.Middleware.RequestLoggingMiddleware[0]
      HTTP OPTIONS /api/v1/auth/login responded 204 in 0.0573 ms
info: Travel_Agency_Portal.Middleware.RequestLoggingMiddleware[0]
      HTTP POST /api/v1/auth/login responded 401 in 2.9327 ms
info: Travel_Agency_Portal.Middleware.RequestLoggingMiddleware[0]
      HTTP OPTIONS /api/v1/auth/login responded 204 in 0.0567 ms
info: Travel_Agency_Portal.Middleware.RequestLoggingMiddleware[0]
      HTTP POST /api/v1/auth/login responded 200 in 48.9458 ms
info: Travel_Agency_Portal.Middleware.RequestLoggingMiddleware[0]
      HTTP OPTIONS /api/v1/places responded 204 in 0.0617 ms
info: Travel_Agency_Portal.Middleware.RequestLoggingMiddleware[0]
      HTTP OPTIONS /api/v1/packages responded 204 in 0.0756 ms
info: Travel_Agency_Portal.Middleware.RequestLoggingMiddleware[0]
      HTTP OPTIONS /api/v1/bookings/mine responded 204 in 0.2324 ms
info: Travel_Agency_Portal.Middleware.RequestLoggingMiddleware[0]
      HTTP GET /api/v1/places responded 200 in 7.5028 ms
info: Travel_Agency_Portal.Middleware.RequestLoggingMiddleware[0]
      HTTP GET /api/v1/packages responded 200 in 16.878 ms
info: Travel_Agency_Portal.Middleware.RequestLoggingMiddleware[0]
      HTTP GET /api/v1/bookings/mine responded 200 in 59.8339 ms
info: Travel_Agency_Portal.Middleware.RequestLoggingMiddleware[0]
      HTTP OPTIONS /api/v1/bookings responded 204 in 0.0412 ms
info: Travel_Agency_Portal.Middleware.RequestLoggingMiddleware[0]
      HTTP OPTIONS /api/v1/hotels responded 204 in 0.0633 ms
info: Travel_Agency_Portal.Middleware.RequestLoggingMiddleware[0]
      HTTP OPTIONS /api/v1/contact responded 204 in 0.918 ms
info: Travel_Agency_Portal.Middleware.RequestLoggingMiddleware[0]
      HTTP OPTIONS /api/v1/stats/admin responded 204 in 0.1649 ms
info: Travel_Agency_Portal.Middleware.RequestLoggingMiddleware[0]
      HTTP OPTIONS /api/v1/users responded 204 in 0.0347 ms
info: Travel_Agency_Portal.Middleware.RequestLoggingMiddleware[0]
      HTTP GET /api/v1/users responded 200 in 12.595 ms
info: Travel_Agency_Portal.Middleware.RequestLoggingMiddleware[0]
      HTTP GET /api/v1/contact responded 200 in 22.2024 ms
info: Travel_Agency_Portal.Middleware.RequestLoggingMiddleware[0]
      HTTP GET /api/v1/bookings responded 200 in 42.8049 ms
info: Travel_Agency_Portal.Middleware.RequestLoggingMiddleware[0]
      HTTP GET /api/v1/hotels responded 200 in 43.2875 ms
info: Travel_Agency_Portal.Middleware.RequestLoggingMiddleware[0]
      HTTP GET /api/v1/stats/admin responded 200 in 52.74 ms
info: Travel_Agency_Portal.Middleware.RequestLoggingMiddleware[0]
      HTTP OPTIONS /api/v1/users/5 responded 204 in 0.0667 ms
info: Travel_Agency_Portal.Middleware.RequestLoggingMiddleware[0]
      HTTP DELETE /api/v1/users/5 responded 200 in 61.3665 ms
info: Travel_Agency_Portal.Middleware.RequestLoggingMiddleware[0]
      HTTP OPTIONS /api/v1/places responded 204 in 0.061 ms
info: Travel_Agency_Portal.Middleware.RequestLoggingMiddleware[0]
      HTTP OPTIONS /api/v1/hotels responded 204 in 0.1015 ms
info: Travel_Agency_Portal.Middleware.RequestLoggingMiddleware[0]
      HTTP OPTIONS /api/v1/packages responded 204 in 0.0559 ms
info: Travel_Agency_Portal.Middleware.RequestLoggingMiddleware[0]
      HTTP OPTIONS /api/v1/bookings responded 204 in 0.1458 ms
info: Travel_Agency_Portal.Middleware.RequestLoggingMiddleware[0]
      HTTP OPTIONS /api/v1/contact responded 204 in 0.0301 ms
info: Travel_Agency_Portal.Middleware.RequestLoggingMiddleware[0]
      HTTP OPTIONS /api/v1/users responded 204 in 0.0245 ms
info: Travel_Agency_Portal.Middleware.RequestLoggingMiddleware[0]
      HTTP OPTIONS /api/v1/stats/admin responded 204 in 0.1051 ms
info: Travel_Agency_Portal.Middleware.RequestLoggingMiddleware[0]
      HTTP GET /api/v1/hotels responded 200 in 10.4379 ms
info: Travel_Agency_Portal.Middleware.RequestLoggingMiddleware[0]
      HTTP GET /api/v1/packages responded 200 in 10.553 ms
info: Travel_Agency_Portal.Middleware.RequestLoggingMiddleware[0]
      HTTP GET /api/v1/users responded 200 in 8.4864 ms
info: Travel_Agency_Portal.Middleware.RequestLoggingMiddleware[0]
      HTTP GET /api/v1/contact responded 200 in 10.5885 ms
info: Travel_Agency_Portal.Middleware.RequestLoggingMiddleware[0]
      HTTP GET /api/v1/bookings responded 200 in 25.9163 ms
info: Travel_Agency_Portal.Middleware.RequestLoggingMiddleware[0]
      HTTP GET /api/v1/stats/admin responded 200 in 35.0189 ms
info: Travel_Agency_Portal.Middleware.RequestLoggingMiddleware[0]
      HTTP OPTIONS /api/v1/places responded 204 in 0.0579 ms
info: Travel_Agency_Portal.Middleware.RequestLoggingMiddleware[0]
      HTTP GET /api/v1/places responded 200 in 0.5139 ms
info: Travel_Agency_Portal.Middleware.RequestLoggingMiddleware[0]
      HTTP OPTIONS /api/v1/packages responded 204 in 0.0657 ms
info: Travel_Agency_Portal.Middleware.RequestLoggingMiddleware[0]
      HTTP GET /api/v1/packages responded 200 in 12.8483 ms
info: Travel_Agency_Portal.Middleware.RequestLoggingMiddleware[0]
      HTTP OPTIONS /api/v1/packages/11 responded 204 in 0.0605 ms
info: Travel_Agency_Portal.Middleware.RequestLoggingMiddleware[0]
      HTTP GET /api/v1/packages/11 responded 200 in 14.3117 ms
info: Travel_Agency_Portal.Middleware.RequestLoggingMiddleware[0]
      HTTP OPTIONS /api/v1/places responded 204 in 0.0659 ms
info: Travel_Agency_Portal.Middleware.RequestLoggingMiddleware[0]
      HTTP OPTIONS /api/v1/packages responded 204 in 0.0602 ms
info: Travel_Agency_Portal.Middleware.RequestLoggingMiddleware[0]
      HTTP GET /api/v1/packages responded 200 in 2.8327 ms
info: Travel_Agency_Portal.Middleware.RequestLoggingMiddleware[0]
      HTTP OPTIONS /api/v1/bookings responded 204 in 0.071 ms
info: Travel_Agency_Portal.Middleware.RequestLoggingMiddleware[0]
      HTTP OPTIONS /api/v1/hotels responded 204 in 0.0277 ms
info: Travel_Agency_Portal.Middleware.RequestLoggingMiddleware[0]
      HTTP OPTIONS /api/v1/users responded 204 in 0.0304 ms
info: Travel_Agency_Portal.Middleware.RequestLoggingMiddleware[0]
      HTTP OPTIONS /api/v1/stats/admin responded 204 in 0.0296 ms
info: Travel_Agency_Portal.Middleware.RequestLoggingMiddleware[0]
      HTTP OPTIONS /api/v1/contact responded 204 in 0.0496 ms
info: Travel_Agency_Portal.Middleware.RequestLoggingMiddleware[0]
      HTTP GET /api/v1/users responded 200 in 10.2788 ms
info: Travel_Agency_Portal.Middleware.RequestLoggingMiddleware[0]
      HTTP GET /api/v1/hotels responded 200 in 11.2983 ms
info: Travel_Agency_Portal.Middleware.RequestLoggingMiddleware[0]
      HTTP GET /api/v1/contact responded 200 in 10.4921 ms
info: Travel_Agency_Portal.Middleware.RequestLoggingMiddleware[0]
      HTTP GET /api/v1/bookings responded 200 in 33.1092 ms
info: Travel_Agency_Portal.Middleware.RequestLoggingMiddleware[0]
      HTTP GET /api/v1/stats/admin responded 200 in 34.1157 ms
info: Travel_Agency_Portal.Middleware.RequestLoggingMiddleware[0]
      HTTP OPTIONS /api/v1/places responded 204 in 0.2117 ms
info: Travel_Agency_Portal.Middleware.RequestLoggingMiddleware[0]
      HTTP OPTIONS /api/v1/packages responded 204 in 0.6119 ms
info: Travel_Agency_Portal.Middleware.RequestLoggingMiddleware[0]
      HTTP GET /api/v1/places responded 200 in 0.9707 ms
info: Travel_Agency_Portal.Middleware.RequestLoggingMiddleware[0]
      HTTP GET /api/v1/packages responded 200 in 44.4626 ms
info: Travel_Agency_Portal.Middleware.RequestLoggingMiddleware[0]
      HTTP OPTIONS /api/v1/places responded 204 in 0.0963 ms
info: Travel_Agency_Portal.Middleware.RequestLoggingMiddleware[0]
      HTTP OPTIONS /api/v1/places responded 204 in 0.0625 ms
info: Travel_Agency_Portal.Middleware.RequestLoggingMiddleware[0]
      HTTP GET /api/v1/places responded 200 in 41.5739 ms
info: Travel_Agency_Portal.Middleware.RequestLoggingMiddleware[0]
      HTTP OPTIONS /api/v1/places responded 204 in 0.0735 ms
info: Travel_Agency_Portal.Middleware.RequestLoggingMiddleware[0]
      HTTP GET /api/v1/places responded 200 in 35.3745 ms
info: Travel_Agency_Portal.Middleware.RequestLoggingMiddleware[0]
      HTTP OPTIONS /api/v1/places responded 204 in 0.0569 ms
info: Travel_Agency_Portal.Middleware.RequestLoggingMiddleware[0]
      HTTP GET /api/v1/places responded 200 in 6.7753 ms
info: Travel_Agency_Portal.Middleware.RequestLoggingMiddleware[0]
      HTTP OPTIONS /api/v1/places responded 204 in 0.057 ms
info: Travel_Agency_Portal.Middleware.RequestLoggingMiddleware[0]
      HTTP GET /api/v1/places responded 200 in 3.6868 ms
info: Travel_Agency_Portal.Middleware.RequestLoggingMiddleware[0]
      HTTP OPTIONS /api/v1/packages responded 204 in 0.0876 ms
info: Travel_Agency_Portal.Middleware.RequestLoggingMiddleware[0]
      HTTP GET /api/v1/packages responded 200 in 4.1087 ms
info: Travel_Agency_Portal.Middleware.RequestLoggingMiddleware[0]
      HTTP OPTIONS /api/v1/bookings/mine responded 204 in 0.0906 ms
info: Travel_Agency_Portal.Middleware.RequestLoggingMiddleware[0]
      HTTP GET /api/v1/bookings/mine responded 200 in 43.6007 ms
info: Travel_Agency_Portal.Middleware.RequestLoggingMiddleware[0]
      HTTP OPTIONS /api/v1/users/3 responded 204 in 0.0579 ms
info: Travel_Agency_Portal.Middleware.RequestLoggingMiddleware[0]
      HTTP GET /api/v1/users/3 responded 200 in 39.1459 ms
info: Travel_Agency_Portal.Middleware.RequestLoggingMiddleware[0]
      HTTP OPTIONS /api/v1/auth/login responded 204 in 0.2087 ms
info: Travel_Agency_Portal.Middleware.RequestLoggingMiddleware[0]
      HTTP POST /api/v1/auth/login responded 200 in 18.9944 ms
info: Travel_Agency_Portal.Middleware.RequestLoggingMiddleware[0]
      HTTP OPTIONS /api/v1/places responded 204 in 0.1087 ms
info: Travel_Agency_Portal.Middleware.RequestLoggingMiddleware[0]
      HTTP OPTIONS /api/v1/packages responded 204 in 0.1257 ms
info: Travel_Agency_Portal.Middleware.RequestLoggingMiddleware[0]
      HTTP OPTIONS /api/v1/bookings/mine responded 204 in 0.1681 ms
info: Travel_Agency_Portal.Middleware.RequestLoggingMiddleware[0]
      HTTP GET /api/v1/places responded 200 in 1.0321 ms
info: Travel_Agency_Portal.Middleware.RequestLoggingMiddleware[0]
      HTTP GET /api/v1/bookings/mine responded 200 in 2.254 ms
info: Travel_Agency_Portal.Middleware.RequestLoggingMiddleware[0]
      HTTP GET /api/v1/packages responded 200 in 4.9161 ms
info: Travel_Agency_Portal.Middleware.RequestLoggingMiddleware[0]
      HTTP GET /swagger/index.html responded 200 in 0.5371 ms
info: Travel_Agency_Portal.Middleware.RequestLoggingMiddleware[0]
      HTTP GET /swagger/v1/swagger.json responded 200 in 240.3091 ms
info: Travel_Agency_Portal.Middleware.RequestLoggingMiddleware[0]
      HTTP GET /swagger/index.html responded 200 in 0.8978 ms
info: Travel_Agency_Portal.Middleware.RequestLoggingMiddleware[0]
      HTTP GET /swagger/v1/swagger.json responded 200 in 174.4134 ms
info: Travel_Agency_Portal.Middleware.RequestLoggingMiddleware[0]
      HTTP OPTIONS /api/v1/places responded 204 in 0.0719 ms
info: Travel_Agency_Portal.Middleware.RequestLoggingMiddleware[0]
      HTTP GET /api/v1/places responded 200 in 29.7806 ms
info: Travel_Agency_Portal.Middleware.RequestLoggingMiddleware[0]
      HTTP OPTIONS /api/v1/places responded 204 in 0.0761 ms
info: Travel_Agency_Portal.Middleware.RequestLoggingMiddleware[0]
      HTTP OPTIONS /api/v1/packages responded 204 in 0.0599 ms
info: Travel_Agency_Portal.Middleware.RequestLoggingMiddleware[0]
      HTTP GET /api/v1/packages responded 200 in 36.1055 ms
info: Travel_Agency_Portal.Middleware.RequestLoggingMiddleware[0]
      HTTP OPTIONS /api/v1/packages/10 responded 204 in 0.1066 ms
info: Travel_Agency_Portal.Middleware.RequestLoggingMiddleware[0]
      HTTP GET /api/v1/packages/10 responded 200 in 16.0589 ms
info: Travel_Agency_Portal.Middleware.RequestLoggingMiddleware[0]
      HTTP OPTIONS /api/v1/places responded 204 in 0.2224 ms
info: Travel_Agency_Portal.Middleware.RequestLoggingMiddleware[0]
      HTTP OPTIONS /api/v1/packages responded 204 in 0.0558 ms
info: Travel_Agency_Portal.Middleware.RequestLoggingMiddleware[0]
      HTTP GET /api/v1/places responded 200 in 0.8025 ms
info: Travel_Agency_Portal.Middleware.RequestLoggingMiddleware[0]
      HTTP GET /api/v1/packages responded 200 in 14.6842 ms
info: Travel_Agency_Portal.Middleware.RequestLoggingMiddleware[0]
      HTTP OPTIONS /api/v1/auth/login responded 204 in 0.0599 ms
info: Travel_Agency_Portal.Middleware.RequestLoggingMiddleware[0]
      HTTP POST /api/v1/auth/login responded 401 in 74.3617 ms
info: Travel_Agency_Portal.Middleware.RequestLoggingMiddleware[0]
      HTTP OPTIONS /api/v1/auth/login responded 204 in 0.0602 ms
info: Travel_Agency_Portal.Middleware.RequestLoggingMiddleware[0]
      HTTP POST /api/v1/auth/login responded 401 in 35.6069 ms
info: Travel_Agency_Portal.Middleware.RequestLoggingMiddleware[0]
      HTTP POST /api/v1/auth/login responded 401 in 35.1382 ms
info: Travel_Agency_Portal.Middleware.RequestLoggingMiddleware[0]
      HTTP OPTIONS /api/v1/auth/login responded 204 in 0.0562 ms
info: Travel_Agency_Portal.Middleware.RequestLoggingMiddleware[0]
      HTTP POST /api/v1/auth/login responded 401 in 41.2438 ms
info: Travel_Agency_Portal.Middleware.RequestLoggingMiddleware[0]
      HTTP OPTIONS /api/v1/auth/register responded 204 in 0.0604 ms
info: Travel_Agency_Portal.Middleware.RequestLoggingMiddleware[0]
      HTTP POST /api/v1/auth/register responded 200 in 90.701 ms
info: Travel_Agency_Portal.Middleware.RequestLoggingMiddleware[0]
      HTTP OPTIONS /api/v1/places responded 204 in 0.0656 ms
info: Travel_Agency_Portal.Middleware.RequestLoggingMiddleware[0]
      HTTP OPTIONS /api/v1/packages responded 204 in 0.4238 ms
info: Travel_Agency_Portal.Middleware.RequestLoggingMiddleware[0]
      HTTP OPTIONS /api/v1/bookings/mine responded 204 in 0.0979 ms
info: Travel_Agency_Portal.Middleware.RequestLoggingMiddleware[0]
      HTTP GET /api/v1/places responded 200 in 1.0087 ms
info: Travel_Agency_Portal.Middleware.RequestLoggingMiddleware[0]
      HTTP GET /api/v1/packages responded 200 in 13.8161 ms
info: Travel_Agency_Portal.Middleware.RequestLoggingMiddleware[0]
      HTTP GET /api/v1/bookings/mine responded 200 in 68.9756 ms
info: Travel_Agency_Portal.Middleware.RequestLoggingMiddleware[0]
      HTTP OPTIONS /api/v1/places responded 204 in 0.1089 ms
info: Travel_Agency_Portal.Middleware.RequestLoggingMiddleware[0]
      HTTP OPTIONS /api/v1/packages responded 204 in 0.0546 ms
info: Travel_Agency_Portal.Middleware.RequestLoggingMiddleware[0]
      HTTP GET /api/v1/places responded 200 in 0.8217 ms
info: Travel_Agency_Portal.Middleware.RequestLoggingMiddleware[0]
      HTTP GET /api/v1/packages responded 200 in 13.6708 ms
info: Travel_Agency_Portal.Middleware.RequestLoggingMiddleware[0]
      HTTP OPTIONS /api/v1/auth/login responded 204 in 0.0949 ms
info: Travel_Agency_Portal.Middleware.RequestLoggingMiddleware[0]
      HTTP POST /api/v1/auth/login responded 200 in 43.8461 ms
info: Travel_Agency_Portal.Middleware.RequestLoggingMiddleware[0]
      HTTP OPTIONS /api/v1/places responded 204 in 0.3928 ms
info: Travel_Agency_Portal.Middleware.RequestLoggingMiddleware[0]
      HTTP OPTIONS /api/v1/packages responded 204 in 0.0651 ms
info: Travel_Agency_Portal.Middleware.RequestLoggingMiddleware[0]
      HTTP OPTIONS /api/v1/bookings/mine responded 204 in 0.1774 ms
info: Travel_Agency_Portal.Middleware.RequestLoggingMiddleware[0]
      HTTP GET /api/v1/places responded 200 in 10.714 ms
info: Travel_Agency_Portal.Middleware.RequestLoggingMiddleware[0]
      HTTP GET /api/v1/packages responded 200 in 15.9898 ms
info: Travel_Agency_Portal.Middleware.RequestLoggingMiddleware[0]
      HTTP GET /api/v1/bookings/mine responded 200 in 53.6593 ms
info: Travel_Agency_Portal.Middleware.RequestLoggingMiddleware[0]
      HTTP OPTIONS /api/v1/hotels responded 204 in 0.058 ms
info: Travel_Agency_Portal.Middleware.RequestLoggingMiddleware[0]
      HTTP OPTIONS /api/v1/bookings responded 204 in 0.1329 ms
info: Travel_Agency_Portal.Middleware.RequestLoggingMiddleware[0]
      HTTP OPTIONS /api/v1/contact responded 204 in 0.0655 ms
info: Travel_Agency_Portal.Middleware.RequestLoggingMiddleware[0]
      HTTP OPTIONS /api/v1/stats/admin responded 204 in 0.0308 ms
info: Travel_Agency_Portal.Middleware.RequestLoggingMiddleware[0]
      HTTP OPTIONS /api/v1/users responded 204 in 0.0375 ms
info: Travel_Agency_Portal.Middleware.RequestLoggingMiddleware[0]
      HTTP GET /api/v1/hotels responded 200 in 8.3022 ms
info: Travel_Agency_Portal.Middleware.RequestLoggingMiddleware[0]
      HTTP GET /api/v1/contact responded 200 in 21.6641 ms
info: Travel_Agency_Portal.Middleware.RequestLoggingMiddleware[0]
      HTTP GET /api/v1/bookings responded 200 in 24.6387 ms
info: Travel_Agency_Portal.Middleware.RequestLoggingMiddleware[0]
      HTTP GET /api/v1/users responded 200 in 28.763 ms
info: Travel_Agency_Portal.Middleware.RequestLoggingMiddleware[0]
      HTTP GET /api/v1/stats/admin responded 200 in 29.9121 ms
info: Travel_Agency_Portal.Middleware.RequestLoggingMiddleware[0]
      HTTP OPTIONS /api/v1/places responded 204 in 0.0629 ms
info: Travel_Agency_Portal.Middleware.RequestLoggingMiddleware[0]
      HTTP OPTIONS /api/v1/packages responded 204 in 0.0156 ms
info: Travel_Agency_Portal.Middleware.RequestLoggingMiddleware[0]
      HTTP GET /api/v1/places responded 200 in 0.657 ms
info: Travel_Agency_Portal.Middleware.RequestLoggingMiddleware[0]
      HTTP GET /api/v1/packages responded 200 in 6.2397 ms
